c Parsing PB file...
c Converting 3560 PB-constraints to clauses...
c   -- Unit propagations: ppppppppppppppppppppppppppppppppppppppppppppppppppppppppppppppppppppppppppppppppppppppppppppppppppppppppppppppppppppppppppppppppppppppppppppppppppppppppppppppppppppppppppppppppppppppppppppppppppppppppppppppppppppppppppppppppppppppppppppppppppppppppppppppppppppppppppppppppppppppppppppppppppppppppppppppppppppppppppppppppppppppppppppppppppppppppp
c   -- Detecting intervals from adjacent constraints: ====================================
c   -- Clauses(.)/Splits(s): ................................................................................................................................................................................................................................................................................................................................................................................................................................................................................................................................................................................................................................................................................................................................................................................................................................................................................................................................................................................................................................................................................................................................................................................................................................................................................................................................................................................................................................................................................................................................................................................................................................................................................................................................................................................................................................................................................
c ==================================[MINISAT+]==================================
c | Conflicts | Original         | Learnt                           | Progress |
c |           | Clauses Literals |     Max Clauses Literals     LPC |          |
c ==============================================================================
c |         0 |    1808     3776 |     602       0        0     nan |  0.000 % |
c ==============================================================================
c [1mFound solution: 264[0m
c [1mOptimal solution: 264[0m
s OPTIMUM FOUND
v -dec344 -dec347 -dec361 -dec364 -dec368 dec409 -dec427 -dec443 -dec451 -dec455 -dec459 -dec463 -dec466 -dec486 -dec490 -dec494 -dec498 -dec501 dec214 -dec256 dec274 dec290 dec298 dec302 dec306 dec310 dec313 dec334 -dec514 -dec517 -dec521 -dec556 -dec564 -dec15 dec32 -dec58 dec338 dec342 dec346 dec349 dec363 -dec22 dec366 -dec42 dec370 -dec62 -dec411 -dec87 dec429 -dec143 dec445 -dec159 -dec170 -dec174 -dec203 dec25 dec45 dec453 dec65 dec457 dec89 dec461 dec146 dec465 dec161 dec468 dec172 dec488 dec176 dec492 dec205 dec496 dec500 dec503 -dec212 dec254 -dec272 -dec288 dec516 -dec296 dec519 -dec300 dec523 -dec304 dec558 -dec308 dec566 -dec311 dec18 -dec332 -dec35 dec61 -dec336 -dec340 x -var92_0 -var93_0 -var196_1 -var223_1 -var479_0 -var479_1 -var131_2 -var3_2 -var186_1 -var192_1 -var267_1 -var285_1 -var198_1 -var199_1 -var17_2 -var91_0 -var91_2 -var91_1 -var393_2 -var394_2 -var442_0 -var442_2 -var442_1 -var528_1 -var3_1 -var485_0 -var485_2 -var250_2 -var251_2 -var485_1 -var5_0 -var5_2 -var124_0 -var124_1 -var5_1 -var348_1 -var359_1 -var167_0 -var167_1 -var196_0 -var223_0 -var131_1 -var186_0 -var192_0 -var17_0 -var3_0 -var198_0 -var199_0 -var267_0 -var285_0 -var464_2 -var467_2 -var393_1 -var394_1 -var528_0 -var534_0 -var534_2 -var69_2 -var83_2 -var250_1 var251_1 -var534_1 -var43_2 -var47_2 -var348_0 -var359_0 -var537_2 -var169_2 -var173_2 -var216_0 -var216_1 -var196_2 -var219_2 -var259_0 -var259_1 -var380_0 -var380_2 -var280_2 -var281_2 -var380_1 -var131_0 -var140_2 -var69_0 -var83_0 -var393_0 -var394_0 -var222_0 -var222_2 -var230_2 -var238_2 -var222_1 -var43_0 -var47_0 -var250_0 var251_0 -var26_2 -var266_2 -var269_2 -var537_1 -var309_2 -var312_2 -var219_1 -var478_2 -var479_2 -var280_1 -var281_1 -var472_0 -var472_2 -var472_1 -var29_0 -var29_1 -var140_1 -var197_0 -var197_1 -var26_0 -var497_0 -var499_0 -var230_1 -var238_1 -var52_1 -var53_1 -var314_0 -var314_2 -var314_1 -var357_0 -var357_2 -var357_1 -var266_1 -var269_1 -var537_0 -var160_0 -var160_2 -var219_0 -var160_1 -var280_0 -var281_0 -var39_0 -var39_2 -var39_1 -var478_0 -var502_0 -var140_0 -var230_0 -var238_0 -var536_2 -var223_2 var406_0 -var406_2 var406_1 -var449_0 -var449_2 -var59_1 -var64_1 -var266_0 -var269_0 -var362_0 -var362_1 -var449_1 -var565_2 -var19_2 -var85_2 -var88_2 -var423_2 -var400_2 -var275_2 -var33_2 -var59_2 -var252_0 -var252_2 -var252_1 -var295_0 -var295_2 -var92_1 -var295_1 -var9_0 -var153_1 -var156_1 -var14_2 -var27_2 -var536_1 -var495_0 -var454_0 -var454_1 -var395_2 -var396_2 -var565_1 -var19_1 -var497_1 -var423_1 -var400_1 -var275_1 -var93_1 -var105_1 -var387_0 -var387_2 -var484_1 -var487_1 -var387_1 -var14_0 -var27_0 -var153_0 -var156_0 -var211_2 -var555_2 -var190_0 -var190_2 -var190_1 -var351_2 -var536_0 -var462_1 -var464_1 -var229_0 -var229_2 -var142_0 -var142_1 -var229_1 -var100_2 -var106_2 -var395_1 -var396_1 -var565_0 -var19_0 -var546_0 -var546_1 -var423_0 -var400_0 -var275_0 -var377_2 -var7_2 -var10_2 -var86_1 -var392_0 -var392_1 -var211_1 -var460_1 -var555_1 -var377_1 -var7_1 -var10_1 -var67_0 -var67_2 -var67_1 -var351_1 -var416_2 -var421_2 -var504_0 -var402_0 -var234_0 -var234_1 -var7_0 -var10_0 -var100_1 -var106_1 -var433_2 -var436_2 -var395_0 -var396_0 -var0_2 -var264_2 -var124_2 -var236_2 -var112_2 -var167_2 -var149_2 -var152_2 var0_1 -var484_0 -var337_2 -var348_2 -var211_0 -var555_0 -var351_0 -var173_1 -var175_1 -var416_1 -var421_1 var0_0 -var412_2 -var100_0 -var106_0 -var326_0 -var326_1 -var433_1 -var436_1 -var369_0 -var369_1 -var43_1 -var264_1 -var216_2 -var236_1 -var112_1 -var149_1 -var152_1 -var259_2 -var375_2 -var209_2 -var215_2 -var207_2 -var16_1 -var21_1 -var96_2 -var107_2 -var324_2 -var333_2 -var557_2 -var375_1 -var532_2 -var533_2 -var416_0 -var421_0 -var53_0 -var53_2 var412_1 -var76_0 -var76_1 -var77_1 -var82_1 -var433_0 -var436_0 -var418_0 -var418_1 -var69_1 -var83_1 -var375_0 -var264_0 -var512_2 -var515_2 -var47_1 -var236_0 -var112_0 -var149_0 -var152_0 -var221_0 -var221_1 -var96_0 -var107_0 -var374_2 -var175_2 -var186_2 -var209_1 -var215_1 -var207_1 -var374_1 -var197_2 -var532_1 -var533_1 -var171_1 var412_0 -var554_2 -var374_0 -var476_2 -var554_1 -var209_0 -var215_0 -var207_0 -var356_0 -var356_1 -var399_0 -var399_1 -var554_0 -var532_0 -var533_0 -var199_2 -var206_2 -var553_2 -var559_2 -var362_2 -var476_1 -var132_2 -var133_2 -var175_0 -var287_2 -var289_2 -var206_1 -var330_1 -var553_1 -var559_1 -var371_2 -var379_2 -var367_0 -var312_0 -var81_0 -var81_2 -var454_2 -var81_1 -var132_1 -var133_1 -var497_2 -var476_0 -var345_0 -var84_2 -var136_0 -var136_1 -var179_0 -var179_1 -var388_2 -var504_2 -var505_2 -var206_0 -var553_0 -var559_0 -var169_1 -var14_1 -var27_1 -var80_2 -var66_2 -var371_1 -var379_1 -var142_2 -var242_2 -var397_2 -var546_2 -var132_0 -var133_0 -var74_2 -var392_2 -var388_1 -var64_2 -var86_2 -var504_1 -var505_1 -var225_2 -var80_0 -var66_0 -var301_0 -var301_1 -var169_0 -var291_2 -var20_2 -var23_2 -var371_0 -var379_0 -var242_1 -var397_1 -var234_2 -var16_0 -var365_0 -var126_2 -var128_2 -var551_0 -var551_1 -var90_0 -var90_1 -var11_2 -var64_0 -var86_0 -var388_0 -var484_2 -var225_1 -var505_0 -var291_1 -var242_0 -var397_0 -var247_2 -var248_2 -var326_2 -var126_1 -var128_1 -var369_2 -var282_0 -var282_1 -var11_0 -var144_2 -var151_2 -var545_2 -var225_0 -var527_2 -var291_0 -var16_2 -var21_2 -var247_1 -var248_1 -var134_2 -var154_2 -var126_0 -var128_0 -var418_2 -var331_0 -var331_1 -var77_2 -var82_2 -var144_1 -var151_1 -var221_2 -var545_1 -var299_1 -var135_2 -var329_2 -var330_2 -var527_1 -var21_0 -var522_2 -var524_2 -var96_1 -var107_1 -var188_2 -var247_0 -var248_0 -var134_1 -var154_1 -var240_2 -var77_0 -var82_0 -var144_0 -var151_0 -var545_0 -var55_2 -var60_2 -var135_1 -var329_1 -var66_1 -var80_1 -var356_2 -var399_2 -var527_0 -var522_1 -var524_1 -var188_1 -var359_2 -var360_2 -var224_2 -var134_0 -var154_0 -var240_1 -var111_0 -var111_1 -var38_0 -var38_1 -var55_0 -var60_0 -var515_0 -var515_1 -var135_0 -var329_0 -var330_0 -var179_2 -var185_2 -var297_1 -var426_2 -var173_0 -var478_1 -var522_0 -var524_0 -var188_0 -var360_1 -var426_1 -var48_0 -var48_2 -var48_1 -var240_0 -var489_1 -var491_1 -var195_2 -var246_0 -var246_1 -var289_0 -var289_1 -var426_0 -var458_1 -var136_2 -var335_2 -var452_1 -var425_2 -var120_2 -var360_0 -var425_1 -var414_2 -var415_2 -var195_1 -var499_1 -var502_1 -var425_0 -var24_0 -var24_1 -var512_1 -var141_0 -var141_1 -var184_0 -var184_1 -var307_1 -var309_1 -var301_2 -var386_2 -var414_1 -var415_1 -var195_0 -var34_0 -var34_2 -var57_0 -var57_1 -var34_1 -var551_2 -var512_0 -var98_2 -var97_2 -var276_0 -var276_1 -var391_2 var28_1 -var386_1 -var414_0 -var415_0 -var118_0 -var118_1 -var76_2 -var99_0 -var99_1 -var282_2 -var98_0 -var97_0 -var11_1 -var391_1 -var474_2 -var475_2 -var305_1 -var528_2 -var441_0 -var441_1 -var413_2 -var386_0 -var331_2 -var20_0 -var20_1 -var52_0 -var391_0 -var444_0 -var474_1 -var475_1 -var413_1 -var141_2 -var303_1 -var267_2 -var85_0 -var85_1 -var148_0 -var148_1 -var441_2 -var474_0 -var475_0 -var413_0 -var552_2 -var561_2 -var389_2 -var111_2 -var245_2 -var246_2 -var95_0 -var95_2 -var95_1 -var8_2 -var13_2 -var471_0 -var471_1 -var285_2 -var292_2 -var55_1 -var60_1 -var227_2 -var473_2 -var8_1 -var13_1 -var40_2 -var552_1 -var561_1 -var389_1 -var40_1 -var8_0 -var13_0 -var245_1 -var292_1 -var563_0 -var563_1 -var40_0 -var557_1 -var473_1 -var227_1 -var71_0 -var71_1 -var552_0 -var561_0 -var163_2 -var405_0 -var405_1 -var448_0 -var448_1 -var389_0 -var353_2 -var245_0 -var294_0 -var294_1 -var318_2 -var292_0 -var473_0 -var184_2 -var227_0 -var470_2 -var471_2 -var72_1 -var353_1 -var185_1 -var1_2 -var28_2 -var343_0 -var343_1 -var318_1 -var324_1 var1_1 -var276_2 -var470_1 -var177_2 -var183_2 -var525_2 -var526_2 var1_0 var28_0 -var228_0 -var228_1 -var185_0 -var353_0 -var217_2 -var218_2 -var118_2 -var318_0 -var324_0 -var435_0 -var435_1 -var88_0 -var98_1 -var97_1 -var470_0 -var177_1 -var183_1 -var33_1 -var525_1 -var526_1 -var202_1 -var204_1 -var204_0 -var337_0 -var384_2 -var385_2 -var109_2 -var217_1 -var218_1 -var241_2 -var123_0 -var123_1 -var166_0 -var166_1 -var109_1 -var9_1 -var63_1 -var177_0 -var183_0 -var322_2 -var316_2 -var525_0 -var526_0 -var109_0 -var201_1 -var182_2 -var333_0 -var384_1 -var385_1 -var217_0 -var218_0 -var241_1 -var182_1 -var29_2 -var258_0 -var258_1 -var108_1 -var182_0 -var148_2 -var322_1 -var316_1 -var108_0 -var181_2 -var384_0 -var385_0 -var241_0 -var402_2 -var181_1 -var307_0 -var320_2 -var155_2 -var327_2 -var181_0 -var322_0 -var316_0 -var404_2 -var513_2 -var402_1 -var408_2 -var320_1 -var563_2 -var327_1 -var155_1 -var404_1 -var513_1 -var321_2 -var405_2 -var339_2 -var341_2 -var456_2 -var271_1 -var273_1 -var448_2 var408_1 -var320_0 -var224_1 -var294_2 -var57_2 -var327_0 -var155_0 -var321_1 -var404_0 -var513_0 -var381_2 -var410_0 -var410_1 var408_0 -var72_2 -var224_0 -var419_2 -var343_2 var6_2 -var419_1 -var321_0 var6_1 -var33_0 -var228_2 -var158_1 -var381_1 -var419_0 -var72_0 -var120_1 var6_0 -var303_2 -var307_2 -var435_2 -var88_1 -var200_2 -var210_2 -var493_1 -var495_1 -var381_0 -var233_0 -var233_1 -var120_0 -var38_2 -var378_2 -var372_2 -var123_2 -var166_2 -var417_2 -var440_0 -var440_1 -var483_0 -var483_1 -var328_2 -var200_1 -var210_1 -var417_1 -var202_2 -var547_2 -var325_0 -var325_1 -var417_0 -var378_1 -var372_1 -var258_2 -var303_0 -var171_0 -var464_0 -var467_0 -var328_1 -var200_0 -var210_0 -var235_2 -var547_1 -var23_0 -var378_0 -var372_0 -var235_1 -var220_0 -var220_1 -var263_0 -var263_1 -var235_0 -var328_0 -var71_2 -var202_0 -var105_0 -var94_0 -var94_1 -var547_0 -var309_0 -var509_0 -var509_1 -var355_0 -var355_1 -var398_0 -var398_1 -var99_2 -var51_2 -var233_2 -var437_2 -var438_2 -var467_1 -var447_0 -var447_1 -var520_0 -var520_1 -var51_0 -var444_2 -var101_2 -var410_2 -var255_2 -var178_0 -var178_1 -var325_2 -var101_0 -var90_2 -var253_2 -var502_2 -var231_2 -var163_1 -var255_1 -var231_1 -var231_0 -var354_2 -var355_2 -var550_0 -var550_1 -var163_0 -var117_2 -var119_2 -var255_0 -var422_2 -var440_2 -var530_2 -var483_2 -var350_2 -var239_2 -var354_1 -var117_1 -var119_1 -var422_1 -var171_2 -var530_1 -var539_2 -var350_1 -var147_2 -var239_1 -var354_0 -var373_0 -var373_1 -var117_0 -var119_0 -var422_0 -var220_2 -var273_2 -var277_2 -var108_2 -var428_1 -var9_2 -var530_0 -var263_2 -var557_0 -var539_1 -var350_0 -var147_1 -var105_2 -var358_2 -var239_0 -var529_2 -var509_2 -var542_2 -var403_2 -var277_1 -var237_2 -var127_2 -var398_2 -var539_0 -var542_1 -var147_0 -var180_2 -var452_2 -var358_1 -var110_0 -var110_1 -var529_1 -var542_0 -var273_0 -var277_0 -var287_1 -var447_2 -var49_1 -var12_1 -var520_2 -var180_1 -var24_2 -var358_0 -var529_0 -var51_1 -var12_2 -var49_2 -var122_2 -var287_0 -var279_2 -var540_2 -var178_2 -var489_2 -var540_1 -var180_0 -var268_2 -var12_0 -var49_0 -var101_1 -var540_0 -var337_1 -var122_1 -var279_1 -var104_2 -var268_1 -var104_1 -var456_1 -var550_2 -var122_0 -var104_0 -var279_0 -var232_0 -var232_1 -var489_0 -var103_2 -var268_0 -var103_1 -var345_2 -var52_2 -var75_0 -var75_1 -var103_0 -var367_1 -var102_2 -var102_1 -var127_1 -var373_2 -var102_0 -var535_2 var44_1 -var110_2 -var535_1 -var153_2 -var312_1 -var560_2 -var535_0 -var562_0 -var562_1 -var518_1 -var244_2 -var495_2 -var560_1 -var335_0 -var293_0 -var293_1 -var56_1 -var323_2 -var437_1 -var438_1 -var244_1 -var93_2 -var365_1 -var390_2 -var213_2 -var560_0 -var41_0 -var323_1 -var232_2 -var244_0 -var437_0 -var438_0 -var74_0 -var390_1 -var208_2 -var568_2 -var204_2 -var31_1 -var37_1 -var434_0 -var434_1 -var477_0 -var477_1 -var323_0 -var568_1 -var367_2 -var458_2 -var460_2 -var319_0 -var319_1 -var390_0 -var568_0 -var376_2 -var63_2 -var208_1 -var407_2 -var165_0 -var165_1 -var569_0 -var569_1 -var127_0 -var376_1 -var208_0 -var84_1 -var407_1 var257_0 var257_1 -var37_0 -var44_2 -var213_1 -var262_2 -var74_1 -var376_0 -var407_0 var44_0 -var570_2 -var2_2 -var116_2 -var319_2 -var262_1 -var116_1 -var570_1 -var2_1 -var562_2 -var213_0 -var262_0 -var23_1 -var46_2 -var237_1 -var46_1 -var129_0 -var129_1 -var293_2 -var116_0 -var570_0 -var2_0 -var56_0 -var261_2 -var46_0 -var237_0 -var446_2 -var452_0 -var75_2 -var283_2 -var297_2 -var261_1 -var446_1 -var544_0 -var544_1 -var434_2 -var477_2 -var261_0 -var31_2 -var37_2 -var165_2 -var31_0 -var569_2 -var482_0 -var482_1 var253_1 -var84_0 -var115_2 -var257_2 -var94_2 var253_0 -var115_1 -var201_2 -var70_0 -var70_1 -var115_0 -var508_0 -var508_1 -var249_2 -var284_2 -var201_0 -var129_2 -var446_0 -var249_1 -var339_0 -var341_0 -var456_0 -var284_1 -var383_2 -var130_2 -var249_0 -var284_0 -var315_2 -var339_1 -var544_2 -var198_2 -var30_2 -var383_1 -var226_0 -var226_1 -var130_1 -var315_1 -var493_2 -var30_0 -var383_0 -var420_2 -var130_0 -var482_2 -var79_1 -var315_0 -var164_0 -var164_1 -var26_1 -var137_2 -var541_2 -var335_1 -var299_0 -var137_1 -var493_0 -var541_1 -var137_0 -var508_2 -var541_0 -var567_2 -var56_2 -var79_0 -var138_2 -var59_0 -var567_1 -var462_2 -var138_1 -var567_0 -var138_0 -var226_2 -var79_2 -var121_2 -var305_2 -var428_0 -var30_1 -var121_1 -var164_2 -var420_1 -var121_0 -var450_2 -var299_2 -var70_2 -var420_0 -var458_0 -var444_1 -var450_1 -var531_0 -var531_1 -var480_2 -var481_2 -var189_0 -var189_1 -var450_0 -var145_2 -var480_1 -var481_1 -var403_0 -var125_2 -var162_2 -var480_0 -var481_0 -var145_1 -var507_2 -var162_1 -var162_0 -var125_1 -var403_1 -var145_0 -var507_1 -var125_0 -var538_0 -var538_1 -var507_0 -var428_2 -var341_1 -var531_2 -var54_2 -var54_1 -var286_2 -var54_0 -var286_1 -var189_2 -var286_0 -var377_0 -var305_0 -var194_0 -var194_1 -var487_2 -var243_0 -var243_1 -var17_1 -var41_1 -var538_2 -var543_0 -var543_1 -var158_0 -var460_0 -var506_2 -var194_2 -var193_2 -var506_1 -var345_1 -var157_2 -var243_2 -var157_1 -var506_0 -var157_0 -var543_2 -var283_0 -var297_0 -var333_1 -var158_2 -var317_0 -var317_1 -var36_0 -var36_1 -var491_2 -var431_2 -var499_2 -var469_2 -var50_0 -var50_1 -var469_1 -var191_2 -var192_2 -var469_0 -var317_2 -var191_1 -var191_0 -var382_2 -var382_1 -var187_2 -var462_0 -var193_1 -var382_0 -var187_1 -var193_0 -var187_0 -var432_0 -var432_1 -var365_2 -var549_2 -var439_2 -var78_0 -var78_1 -var549_1 -var439_1 -var271_2 -var549_0 -var150_0 -var150_1 -var439_0 -var41_2 -var510_2 -var431_1 -var510_1 -var431_0 -var510_0 -var4_2 -var491_0 -var4_1 -var4_0 -var432_2 -var114_0 -var114_1 -var518_2 -var260_0 -var260_1 -var150_2 -var352_0 -var352_1 -var487_0 -var401_0 -var401_1 -var271_0 -var270_2 -var270_1 -var270_0 -var36_2 -var114_2 -var78_2 -var73_2 -var73_0 -var352_2 -var139_0 -var139_1 -var260_2 -var168_2 -var265_2 -var511_0 -var511_1 -var401_2 -var50_2 -var73_1 -var265_1 -var265_0 -var518_0 -var139_2 -var424_2 -var548_0 -var548_1 -var424_1 -var511_2 -var424_0 -var430_2 -var430_1 -var430_0 -var68_0 -var68_1 -var548_2 -var168_1 -var278_2 -var168_0 -var92_2 -var278_1 -var278_0 -var113_0 -var113_1 -var156_2 -var68_2 -var113_2 -var63_0 -var283_1
c _______________________________________________________________________________
c 
c restarts              : 1
c conflicts             : 0              (0 /sec)
c decisions             : 347            (2365 /sec)
c propagations          : 0              (0 /sec)
c inspects              : 0              (0 /sec)
c CPU time              : 0.146705 s
c _______________________________________________________________________________
