c Parsing PB file...
c Converting 4705 PB-constraints to clauses...
c   -- Unit propagations: pppppppppppppppppppppppppppppppppppppppppppppppppppppppppppppppppppppppppppppppppppppppppppppppppppppppppppppppppppppppppppppppppppppppppppppppppppppppppppppppppppppppppppppppppppppppppppppppppppppppppppppppppppppppppppppppppppppppppppppppppppppppppppppppppppppppppppppppppppppppppppppppppppppppppppppppppppppppppppppppppppppppppppppppppppppppppppppppppppppppppppppppppppppppppppppppppppppppppppppppppppppppppppppppppppppppppppppppppppppppppppppppppppppppppppppppppppppppppppppppppppppppppppppppp
c   -- Detecting intervals from adjacent constraints: (none)
c   -- Clauses(.)/Splits(s): ..........................................................................................................................................................................................................................................................................................................................................................................................................................................................................................................................................................................................................................................................................................................................................................................................................................................................................................................................................................................................................................................................................................................................................................................................................................................................................................................................................................................................................................................................................................................................................................................................................................................................................................................................................................................................................................................................................................................................................................................................................................................................................................................................................................................................................................................................................................................................................................................................................................................................................................................................................................................................................................................................................................................................
c ==================================[MINISAT+]==================================
c | Conflicts | Original         | Learnt                           | Progress |
c |           | Clauses Literals |     Max Clauses Literals     LPC |          |
c ==============================================================================
c |         0 |    2618     5761 |     872       0        0     nan |  0.000 % |
c ==============================================================================
c [1mFound solution: 294[0m
c ---[   0]---> BDD-cost:   93
c [1mOptimal solution: 294[0m
s OPTIMUM FOUND
v -dec588 -dec373 -dec594 dec465 -dec375 -dec596 -dec377 -dec379 -dec386 dec651 -dec388 -dec344 -dec394 dec521 -dec396 dec407 -dec599 -dec601 dec597 -dec604 -dec606 dec456 -dec609 dec640 -dec611 -dec399 dec209 -dec613 -dec401 -dec615 dec513 -dec404 -dec628 -dec406 -dec630 -dec409 dec21 -dec411 -dec413 dec397 -dec415 dec580 -dec431 -dec433 dec444 dec178 -dec632 dec631 -dec634 -dec637 dec490 -dec639 -dec643 dec380 -dec645 -dec435 -dec648 dec565 -dec437 -dec650 -dec441 -dec653 -dec443 -dec655 -dec448 -dec450 dec434 dec53 -dec453 dec612 -dec455 -dec458 dec482 -dec460 dec365 -dec657 dec656 -dec16 -dec659 -dec18 -dec670 dec525 -dec47 -dec672 -dec51 -dec674 dec412 -dec71 -dec676 -dec73 -dec678 dec602 -dec462 -dec102 -dec680 -dec464 -dec105 -dec685 -dec479 -dec144 -dec686 -dec481 -dec483 dec461 -dec485 dec646 -dec487 dec219 dec75 -dec489 dec517 -dec492 -dec494 dec402 -dec24 -dec26 dec589 -dec32 -dec35 dec451 -dec41 dec149 -dec43 dec635 dec200 -dec49 -dec510 -dec52 -dec512 -dec132 -dec514 -dec135 -dec516 dec495 -dec518 -dec520 dec389 -dec147 -dec522 -dec175 dec576 -dec524 -dec196 dec108 dec546 -dec198 -dec548 dec438 -dec206 -dec208 -dec214 -dec217 -dec155 dec616 dec341 -dec157 -dec343 -dec189 dec486 -dec191 dec210 dec376 -dec212 dec240 -dec236 -dec216 dec193 dec159 dec136 dec54 dec45 dec37 dec28 dec687 dec681 dec677 dec673 dec660 -dec562 -dec238 -dec564 -dec573 -dec549 -dec575 -dec577 dec416 -dec579 -dec362 dec607 -dec586 -dec364 x -var185_1 -var271_1 -var227_1 -var239_1 -var534_1 -var535_1 -var558_2 -var583_2 -var417_2 -var426_2 var3_1 -var363_1 -var91_0 -var91_2 -var141_1 -var0_1 -var91_1 -var442_0 -var442_2 -var442_1 -var272_1 -var274_1 -var0_2 -var352_2 -var5_0 -var5_2 -var392_2 -var405_2 -var3_2 -var610_2 -var124_0 -var124_1 -var5_1 -var474_2 -var334_2 -var167_0 -var167_1 var545_0 -var547_0 -var227_0 -var239_0 -var352_1 -var185_0 -var271_0 -var194_2 -var197_2 -var534_0 -var535_0 -var558_1 -var583_1 -var508_1 -var523_1 -var644_0 -var644_1 -var141_0 -var0_0 -var352_0 -var93_2 -var94_2 -var12_1 -var690_1 -var150_2 -var534_2 -var34_2 -var40_2 -var272_0 -var274_0 -var351_2 -var671_0 -var679_0 -var474_1 -var334_1 -var259_0 -var259_1 -var306_2 -var289_2 -var351_1 -var84_1 -var103_1 -var507_1 -var558_0 -var583_0 -var515_1 -var34_0 -var40_0 -var222_0 -var222_2 -var351_0 -var222_1 -var256_2 -var150_1 -var626_0 -var626_2 -var595_2 -var626_1 -var669_0 -var669_2 -var124_2 -var119_2 -var582_0 -var582_1 -var669_1 var3_0 -var211_0 -var474_0 -var334_0 -var199_2 -var141_2 -var472_0 -var472_2 -var306_1 -var289_1 -var298_2 -var472_1 -var85_2 -var29_0 -var29_1 -var488_0 -var484_2 -var488_2 -var197_0 -var197_1 -var298_1 -var164_1 -var314_0 -var314_2 -var563_2 -var568_2 -var314_1 -var357_0 -var357_2 -var436_0 -var150_0 -var256_1 -var357_1 -var119_1 -var298_0 -var160_0 -var160_2 -var199_1 -var160_1 -var306_0 -var289_0 -var85_0 -var39_0 -var39_2 -var39_1 -var581_2 -var563_1 -var568_1 -var256_0 -var11_2 -var12_2 -var449_0 -var449_2 -var449_1 -var572_0 -var574_0 -var567_0 -var633_0 -var119_0 -var199_0 -var252_0 -var252_2 -var168_2 -var541_0 -var252_1 -var295_0 -var295_2 -var92_1 -var295_1 -var296_2 -var608_0 -var608_1 -var11_0 -var12_0 -var563_0 -var568_0 -var106_2 -var107_2 -var296_1 -var15_0 -var15_1 -var7_1 -var17_1 -var48_1 -var72_1 -var454_0 -var454_1 -var497_0 -var497_1 -var296_0 -var168_1 -var387_0 -var387_2 -var387_1 -var204_2 -var457_0 -var459_0 -var190_0 -var190_2 -var25_0 -var25_2 -var66_1 -var57_1 -var190_1 -var25_1 -var446_2 -var642_2 -var106_1 -var107_1 -var229_0 -var229_2 -var142_0 -var142_1 -var229_1 -var503_0 -var503_1 -var570_0 -var168_0 -var29_2 -var392_0 -var392_1 -var204_1 -var67_0 -var67_2 -var171_2 -var176_2 -var356_0 -var378_0 -var67_1 -var446_1 -var642_1 -var38_0 -var675_0 -var571_2 -var106_0 -var107_0 -var675_2 -var480_2 -var27_2 -var234_0 -var234_1 -var638_0 -var638_1 -var167_2 -var161_2 -var27_1 -var592_1 -var605_1 -var502_2 -var503_2 -var204_0 -var484_0 -var484_1 -var337_2 -var338_2 -var342_2 -var346_2 -var27_0 -var644_2 -var446_0 -var642_0 -var571_1 -var326_0 -var326_1 -var369_0 -var369_1 -var690_2 -var259_2 -var172_0 -var172_1 -var463_2 -var466_2 -var502_1 -var337_1 var338_1 -var342_1 -var346_1 -var432_0 -var532_2 -var533_2 -var571_0 -var76_0 -var76_1 -var690_0 -var418_0 -var418_1 -var582_2 -var221_0 -var221_1 -var463_1 -var466_1 -var502_0 -var264_0 -var264_1 -var337_0 var338_0 -var342_0 -var346_0 -var511_2 -var532_1 -var533_1 -var587_2 -var452_0 -var69_1 -var400_1 -var414_1 -var471_2 -var501_2 -var506_2 -var463_0 -var466_0 -var356_1 -var471_1 -var85_1 -var493_1 -var496_1 -var532_0 -var533_0 -var122_2 -var79_2 -var547_2 -var471_0 -var215_1 -var519_2 -var447_2 -var617_2 -var618_2 -var62_0 -var62_1 -var501_1 -var506_1 -var184_2 -var186_2 -var574_2 -var578_2 -var608_2 -var493_0 -var496_0 -var122_1 -var79_1 -var300_2 -var547_1 -var81_0 -var81_2 -var454_2 -var600_2 -var603_2 -var447_1 -var81_1 -var497_2 -var617_1 -var618_1 -var9_2 -var23_2 -var501_0 -var506_0 -var56_1 -var61_1 -var179_0 -var179_1 -var9_1 -var23_1 -var184_1 -var186_1 -var151_2 -var130_2 -var242_2 -var263_2 -var122_0 -var79_0 -var414_2 -var427_2 -var300_1 -var142_2 -var9_0 -var23_0 -var668_0 -var600_1 -var603_1 -var447_0 -var268_2 -var182_2 -var617_0 -var618_0 -var134_0 -var145_0 -var684_1 -var14_1 -var15_2 -var20_2 -var184_0 -var186_0 -var427_0 -var151_1 -var130_1 -var301_0 -var301_1 -var427_1 -var242_1 -var263_1 -var300_0 -var234_2 -var600_0 -var603_0 -var268_1 -var182_1 -var638_2 -var528_2 -var551_0 -var551_1 -var20_0 -var90_0 -var90_1 -var528_1 -var151_0 -var130_0 -var242_0 -var263_0 -var414_0 -var46_1 -var436_1 -var207_1 -var528_0 -var418_2 -var419_2 -var30_2 -var87_2 -var326_2 -var369_2 -var268_0 -var182_0 -var282_0 -var282_1 -var318_2 -var527_2 -var172_2 -var527_1 -var44_1 -var30_0 -var87_0 -var7_2 -var48_2 -var527_0 -var419_1 -var417_1 -var426_1 -var395_0 -var331_0 -var331_1 -var318_1 -var374_0 -var374_1 -var221_2 -var264_2 -var123_2 -var183_2 -var329_2 -var330_2 -var419_0 -var417_0 -var426_0 -var605_2 -var318_0 -var14_0 -var148_2 -var162_2 -var423_0 -var423_1 -var614_0 -var424_2 -var239_2 -var329_1 -var330_1 -var473_2 -var123_1 -var183_1 -var356_2 -var58_2 -var57_2 -var598_2 -var40_1 -var308_0 -var308_1 -var30_1 -var111_0 -var111_1 -var154_0 -var154_1 -var38_1 -var148_1 -var162_1 -var515_0 -var97_0 -var100_0 -var424_1 -var592_2 -var58_0 -var57_0 -var400_0 -var309_2 -var329_0 -var330_0 -var473_1 -var123_0 -var183_0 -var598_1 -var480_1 -var48_0 -var203_0 -var203_1 -var148_0 -var162_0 -var237_0 -var381_1 -var395_1 -var246_0 -var246_1 -var424_0 -var587_1 -var42_2 -var279_1 -var309_1 -var473_0 -var179_2 -var598_0 -var174_2 -var177_2 -var56_2 -var61_2 -var98_2 -var101_2 -var111_2 -var134_2 -var288_2 -var313_2 -var390_2 -var383_2 -var587_0 -var592_0 -var68_2 -var309_0 -var297_2 -var476_2 -var439_0 -var152_2 -var154_2 -var323_2 -var325_2 -var56_0 -var61_0 -var174_1 var177_1 -var649_1 -var98_0 -var101_0 -var8_2 -var156_1 -var301_2 -var134_1 -var661_0 -var661_1 -var288_1 -var313_1 -var8_1 -var68_0 -var390_1 -var383_1 -var34_1 -var551_2 -var297_1 -var8_0 -var620_2 -var624_2 -var476_1 -var152_1 -var174_0 var177_0 -var323_1 -var325_1 -var511_0 -var165_2 -var241_2 -var671_1 -var276_0 -var276_1 -var20_1 -var436_2 -var266_2 -var288_0 -var313_0 -var118_0 -var118_1 -var76_2 -var99_0 -var99_1 -var282_2 -var390_0 -var383_0 -var88_1 -var297_0 -var620_1 -var624_1 -var476_0 -var668_1 -var152_0 -var323_0 -var325_0 -var165_1 -var241_1 -var336_2 -var508_2 -var66_2 -var10_0 -var10_1 -var266_0 -var322_2 -var439_1 -var87_1 -var331_2 -var164_2 -var374_2 -var620_0 -var624_0 -var491_1 -var55_1 -var312_2 -var163_2 -var66_0 -var165_0 -var241_0 -var336_1 -var195_2 -var322_1 -var161_1 -var354_2 -var423_2 -var507_2 -var526_2 -var96_1 -var77_1 -var218_2 -var62_2 -var312_1 -var163_1 -var336_0 -var508_0 -var156_0 -var195_1 -var322_0 -var161_0 -var218_1 -var308_2 -var58_1 -var77_2 -var44_2 -var477_0 -var625_0 -var625_1 -var354_1 -var218_0 -var245_2 -var246_2 -var515_2 -var95_0 -var95_2 -var526_1 -var95_1 -var312_0 -var163_0 -var97_1 -var100_1 -var195_0 -var77_0 -var44_0 -var354_0 -var203_2 -var245_1 -var507_0 -var526_0 -var291_2 -var622_1 -var279_2 -var496_2 -var405_0 -var405_1 -var378_1 -var245_0 -var84_2 -var251_0 -var251_1 -var291_1 -var294_0 -var294_1 -var279_0 -var90_2 -var641_2 -var561_2 -var98_1 -var101_1 -var233_2 -var84_0 -var661_2 -var509_0 -var291_0 -var567_2 -var68_1 -var629_1 -var276_2 -var641_1 -var545_2 -var33_1 -var228_0 -var228_1 -var233_1 -var118_2 var545_1 -var6_0 -var6_2 -var478_0 -var478_1 -var6_1 -var88_2 -var641_0 -var281_0 -var281_1 -var233_0 -var266_1 -var555_2 -var556_2 -var166_0 -var166_1 -var88_0 -var194_1 -var19_0 -var19_1 -var103_2 -var169_1 -var55_2 -var555_1 -var556_1 -var215_0 -var328_2 -var647_2 -var649_2 -var258_0 -var258_1 -var194_0 -var164_0 -var207_0 -var55_0 -var584_2 var543_0 -var96_2 -var271_2 -var321_2 -var367_0 -var625_2 -var213_2 -var658_0 -var555_0 -var556_0 -var452_2 -var668_2 -var328_0 -var581_0 -var581_1 -var307_0 -var307_1 -var403_1 -var339_2 -var96_0 -var584_1 -var327_2 -var321_1 -var94_1 -var339_1 -var97_2 -var100_2 -var83_1 -var86_1 -var213_1 -var348_2 -var552_2 -var339_0 -var63_2 -var584_0 -var327_1 -var321_0 -var94_0 -var310_2 -var622_2 -var213_0 -var361_0 -var361_1 -var348_1 -var552_1 -var145_2 -var477_2 -var63_0 -var251_2 -var294_2 -var129_1 -var133_1 -var327_0 -var622_0 -var310_1 -var504_2 -var410_0 -var410_1 -var348_0 -var552_0 -var7_0 -var82_1 -var93_1 -var310_0 -var10_2 -var33_0 -var228_2 -var488_1 -var504_1 var4_0 var4_1 var4_2 -var478_2 -var391_0 -var391_1 -var345_2 -var281_2 -var504_0 -var110_2 -var113_2 -var166_2 -var319_2 -var440_0 -var440_1 var345_1 -var368_0 -var368_1 -var110_1 -var113_1 -var368_2 -var428_2 -var215_2 -var398_2 -var400_2 -var258_2 -var319_1 -var171_0 -var171_1 -var283_2 -var286_2 var345_0 -var353_2 -var33_2 -var445_2 -var428_1 -var110_0 -var113_0 -var307_2 -var125_2 -var138_2 -var319_0 -var220_0 -var220_1 -var328_1 -var283_1 -var286_1 -var211_2 -var237_2 -var2_2 -var353_1 -var2_1 -var445_1 -var509_1 -var428_0 -var83_2 -var86_2 -var125_1 -var138_1 -var22_1 -var2_0 -var283_0 -var286_0 -var355_0 -var355_1 -var398_0 -var398_1 -var1_2 -var293_2 -var353_0 -var361_2 -var224_2 -var235_2 -var83_0 -var86_0 -var445_0 -var1_1 -var654_0 -var207_2 -var226_2 -var125_0 -var138_0 -var14_2 -var64_2 -var395_2 -var1_0 -var63_1 -var595_0 -var13_1 -var540_1 -var293_1 -var103_0 -var410_2 -var559_1 -var224_1 -var235_1 -var180_2 -var64_0 -var80_0 -var80_1 -var244_2 -var226_1 -var153_2 -var82_2 -var293_0 var340_1 -var408_2 -var224_0 -var235_0 -var180_1 -var432_2 -var557_2 -var244_1 -var226_0 -var82_0 -var391_2 -var19_2 -var679_1 -var153_1 -var50_1 -var662_2 -var663_2 -var93_0 -var278_2 -var360_1 -var180_0 -var249_2 -var557_1 -var244_0 -var277_2 var550_0 var550_1 -var593_0 -var593_1 -var69_2 -var440_2 -var176_0 -var153_0 -var480_0 -var662_1 -var663_1 -var278_1 -var249_1 -var254_2 -var557_0 -var69_0 -var277_1 -var550_2 -var543_2 -var120_2 -var578_1 -var662_0 -var663_0 -var358_2 -var366_2 -var278_0 -var249_0 -var254_1 -var277_0 var543_1 -var220_2 -var13_2 -var269_2 -var38_2 -var619_0 -var619_1 -var536_2 -var358_1 -var366_1 -var254_0 -var509_2 -var22_2 -var13_0 -var231_2 -var422_0 -var422_1 -var403_2 -var269_1 -var355_2 -var230_2 -var237_1 -var315_2 -var536_0 -var299_2 -var358_0 -var366_0 -var22_0 -var231_1 -var269_0 -var658_2 -var360_0 -var315_1 -var299_1 -var72_2 -var540_2 -var202_0 -var202_1 -var231_0 -var610_0 -var664_2 -var649_0 -var559_2 -var64_1 -var578_0 -var72_0 -var315_0 -var299_0 -var70_2 -var540_0 -var627_1 -var89_0 -var89_1 -var610_1 -var267_2 -var658_1 -var559_0 -var664_1 -var561_0 -var567_1 -var227_2 -var202_2 -var140_0 -var140_1 -var70_0 -var99_2 -var303_2 -var292_2 -var211_1 -var267_1 -var664_0 -var429_0 -var429_1 -var593_2 -var42_0 -var42_1 -var265_2 -var232_0 -var232_1 -var275_0 -var275_1 -var430_1 -var432_1 -var303_1 -var292_1 -var267_0 -var370_2 -var117_0 -var117_1 -var378_2 -var265_1 -var523_2 -var385_2 -var367_1 -var303_0 -var292_0 -var370_1 -var682_2 -var684_2 -var320_2 -var265_0 -var131_2 -var115_2 -var647_0 -var619_2 -var370_0 -var320_0 -var682_1 -var11_1 -var422_2 -var50_2 -var117_2 -var131_1 -var115_1 -var652_1 -var654_1 -var605_0 -var536_1 -var682_0 -var684_0 -var667_0 -var667_1 -var470_0 -var470_1 -var80_2 -var360_2 -var70_1 -var688_2 -var302_2 -var115_0 -var275_2 -var688_1 -var302_1 -var250_0 -var250_1 -var78_2 -var140_2 -var688_0 -var614_1 -var539_0 -var539_1 -var205_2 -var78_0 -var302_0 -var429_2 -var385_0 -var385_1 -var232_2 -var477_1 -var367_2 -var280_0 -var280_1 -var585_1 -var519_0 -var569_0 -var569_1 -var372_0 -var372_1 -var257_0 -var257_1 -var320_1 -var120_1 -var667_2 -var349_0 -var349_1 -var470_2 -var120_0 -var371_2 -var255_2 -var46_0 -var459_1 -var491_2 -var287_0 -var287_1 -var116_2 -var272_2 -var371_1 -var595_1 -var230_1 -var129_0 -var250_2 -var654_2 -var255_1 -var116_0 -var371_0 -var230_0 -var539_2 -var452_1 -var542_2 -var78_1 -var430_2 -var255_0 -var17_2 -var491_0 -var439_2 -var647_1 -var270_2 -var633_1 -var544_0 -var544_1 -var542_1 -var270_1 -var270_0 -var280_2 -var542_0 -var636_0 -var636_1 -var430_0 -var569_2 -var372_2 -var324_0 -var324_1 -var538_2 -var257_2 -var170_0 -var170_1 -var574_1 -var145_1 -var538_1 -var382_2 -var349_2 -var262_0 -var262_1 -var675_1 -var666_0 -var666_1 -var104_0 -var104_1 -var538_0 -var382_1 -var311_0 -var311_1 -var332_1 -var591_2 -var287_2 -var284_2 -var131_0 -var382_0 -var129_2 -var665_2 -var109_2 -var114_2 -var591_1 -var284_1 -var116_1 -var665_1 -var109_1 -var114_1 -var591_0 -var335_1 -var284_0 -var544_2 -var665_0 -var109_0 -var636_2 -var260_2 -var679_2 -var324_2 -var260_1 -var683_2 -var170_2 -var511_1 -var459_2 -var260_0 -var683_1 -var262_2 -var666_2 -var104_2 -var421_0 -var421_1 -var683_0 -var311_2 -var332_2 -var689_2 -var499_2 -var505_2 -var89_2 -var74_2 -var332_0 -var74_1 -var201_0 -var201_1 -var689_1 -var499_1 -var505_1 -var74_0 -var65_0 -var65_1 -var689_0 -var499_0 -var505_0 -var274_2 -var671_2 -var408_0 -var133_2 -var143_2 -var112_2 -var143_1 var205_1 -var335_2 -var363_2 -var112_1 -var247_2 -var621_2 -var133_0 -var143_0 var205_0 -var127_2 -var529_1 -var112_0 -var247_1 -var621_1 -var156_2 -var535_2 -var531_0 -var531_1 -var127_1 -var335_0 -var421_2 -var146_0 -var146_1 -var247_0 -var621_0 -var623_0 -var623_1 -var127_0 -var403_0 -var614_2 -var201_2 -var561_1 -var384_0 -var384_1 -var340_2 -var114_0 -var493_2 var340_0 -var317_2 -var137_2 -var317_1 -var121_0 -var121_1 -var537_2 -var523_0 -var317_0 -var17_0 -var316_2 -var137_1 -var529_2 -var531_2 -var316_1 -var537_1 -var316_0 -var146_2 -var529_0 -var137_0 -var623_2 -var572_1 -var500_2 -var537_0 -var305_0 -var305_1 -var541_1 -var560_2 -var65_2 -var500_1 -var560_1 -var457_1 -var243_0 -var243_1 -var500_0 -var570_1 -var128_0 -var128_1 -var59_2 -var560_0 -var59_0 -var384_2 -var253_2 -var158_0 -var158_1 -var121_2 -var253_1 -var60_0 -var60_1 -var253_0 -var530_0 -var530_1 -var305_2 -var261_0 -var261_1 -var243_2 -var273_2 -var128_2 -var566_2 -var273_1 -var475_2 -var469_2 -var176_1 -var59_1 -var566_1 -var273_0 -var169_2 -var475_1 -var469_1 -var225_0 -var225_1 -var158_2 -var566_0 -var475_0 -var469_0 -var36_0 -var36_1 -var92_2 -var633_2 -var363_0 -var46_2 -var530_2 -var92_0 -var139_2 -var60_2 -var261_2 -var420_0 -var420_1 -var381_2 -var333_2 -var50_0 -var333_1 -var225_2 -var31_1 -var181_0 -var181_1 -var585_0 -var629_2 -var333_0 -var187_2 -var519_1 -var187_1 -var187_0 -var420_2 -var188_0 -var188_1 -var652_0 -var181_2 -var585_2 -var31_2 -var590_2 -var31_0 -var590_0 -var590_1 -var629_0 -var457_2 -var188_2 -var139_1 -var304_0 -var304_1 -var467_2 -var347_0 -var347_1 -var36_2 -var139_0 -var467_1 -var285_0 -var285_1 -var467_0 -var652_2 -var570_2 -var192_2 -var192_1 -var192_0 -var185_2 -var169_0 -var304_2 -var347_2 -var285_2 -var290_0 -var290_1 -var126_2 -var126_1 -var126_0 -var359_0 -var359_1 -var359_2 -var408_1 -var572_2 -var553_2 -var290_2 -var553_1 -var627_2 -var554_0 -var554_1 -var553_0 -var223_2 var223_1 -var554_2 var223_0 -var468_2 -var350_2 -var381_0 -var468_1 -var350_1 -var498_2 -var468_0 -var350_0 -var498_1 -var541_2 -var498_0 -var248_0 -var248_1 -var627_0 -var248_2 -var173_2 -var425_0 -var425_1 -var425_2 -var173_1 -var173_0 -var393_0 -var393_1 -var393_2
c _______________________________________________________________________________
c 
c restarts              : 1
c conflicts             : 0              (0 /sec)
c decisions             : 448            (2286 /sec)
c propagations          : 0              (0 /sec)
c inspects              : 0              (0 /sec)
c CPU time              : 0.195943 s
c _______________________________________________________________________________
